<html>
<body>
<pre>
<h1>礦ision Build Log</h1>
<h2>Tool Versions:</h2>
IDE-Version: μVision V5.39.0.0
Copyright (C) 2023 ARM Ltd and ARM Germany GmbH. All rights reserved.
License Information: HalfSweet HalfSweet
HalfSweet
User-based license: Keil MDK Community
Valid until: Jun 1 2033. Cached until: Jan 19 2024
 
Tool Versions:
Toolchain:       Keil MDK Community  Version: 5.39.0.0
Toolchain Path:  C:\Keil_v5\ARM\ARMCLANG\Bin
C Compiler:      ArmClang.exe V6.21
Assembler:       Armasm.exe V6.21
Linker/Locator:  ArmLink.exe V6.21
Library Manager: ArmAr.exe V6.21
Hex Converter:   FromElf.exe V6.21
CPU DLL:         SARMCM3.DLL V5.39.0.0
Dialog DLL:      DCM.DLL V1.17.5.0
Target DLL:      CMSIS_AGDI.dll V1.33.16.0
Dialog DLL:      TCM.DLL V1.56.4.0
 
<h2>Project:</h2>
D:\PY-MCU资料-230410\PY32F403_230807\PY32F403_230807\应用软件\PY32F4xx_Firmware_V0.0.6\Projects\PY32F403-STK\Applications\USB_Device\USBD_Virtual_COM_Port\MDK-ARM\Project.uvprojx
Project File Date:  01/12/2024

<h2>Output:</h2>
*** Using Compiler 'V6.21', folder: 'C:\Keil_v5\ARM\ARMCLANG\Bin'
Build target 'Project'
assembling startup_py32f403xx.s...
compiling system_py32f4xx.c...
compiling usbd_cdc_if.c...
compiling py32f4xx_it.c...
compiling main.c...
compiling py32f4xx_hal_rcc.c...
compiling py32f4xx_hal_pwr.c...
compiling py32f4xx_hal_pwr_ex.c...
compiling py32f4xx_hal_gpio.c...
compiling py32f4xx_hal.c...
compiling py32f4xx_hal_msp.c...
compiling py32f403xx_Start_Kit.c...
compiling py32f4xx_hal_rcc_ex.c...
compiling usbd_cdc.c...
compiling py32f4xx_hal_cortex.c...
compiling py32f4xx_hal_dma.c...
compiling usb_dc_py32.c...
compiling usbd_core.c...
compiling py32f4xx_hal_uart.c...
linking...
Program Size: Code=6122 RO-data=578 RW-data=508 ZI-data=4732  
FromELF: creating hex file...
".\Output\Project.axf" - 0 Error(s), 0 Warning(s).

<h2>Software Packages used:</h2>

Package Vendor: ARM
                http://www.keil.com/pack/ARM.CMSIS.5.9.0.pack
                ARM::CMSIS@5.9.0
                CMSIS (Common Microcontroller Software Interface Standard)
   * Component: CORE Version: 5.6.0

Package Vendor: Puya
                http://www.keil.com/pack/Puya.PY32F4xx_DFP.0.0.1.pack
                Puya::PY32F4xx_DFP@0.0.1
                Puya PY32F4 Series Device Support

<h2>Collection of Component include folders:</h2>
  ./RTE/_Project
  C:/Users/HalfSweet/AppData/Local/Arm/Packs/ARM/CMSIS/5.9.0/CMSIS/Core/Include
  C:/Users/HalfSweet/AppData/Local/Arm/Packs/Puya/PY32F4xx_DFP/0.0.1/Device/Include

<h2>Collection of Component Files used:</h2>

   * Component: ARM::CMSIS:CORE@5.6.0
Build Time Elapsed:  00:00:11
</pre>
</body>
</html>
